./IBEX_wrapper.v
./ibex_alu.v
./ibex_branch_predict.v
./ibex_compressed_decoder.v
./ibex_controller.v
./ibex_core.v
./ibex_counter.v
./ibex_cs_registers.v
./ibex_csr.v
./ibex_decoder.v
./ibex_dummy_instr.v
./ibex_ex_block.v
./ibex_fetch_fifo.v
./ibex_icache.v
./ibex_id_stage.v
./ibex_if_stage.v
./ibex_load_store_unit.v
./ibex_multdiv_fast.v
./ibex_multdiv_slow.v
./ibex_pmp.v
./ibex_prefetch_buffer.v
./ibex_register_file_latch.v
./ibex_wb_stage.v
./prim_clock_gating.v
./ibex_register_file_ff.v
./soc_m1_b1.v
./di.v
./AHBSRAM.v
./TIMER32.v
./GPIO.v
./apb2i2c.v
./PWM_VIP.v
./ana.v
./soc_core_m1_b1.v
./openstriVe_soc_mem.v
./i2c.v
./apb2spi.v
./do.v
./dio.v
./GPIO_VIP.v
./SST26WF080B.v
./AHB_sys_0/AHBlite_db_reg.v
./AHB_sys_0/AHBlite_GPIO.v
./AHB_sys_0/APB_sys_0/APB_PWM32.v
./AHB_sys_0/APB_sys_0/APB_sys_0.v
./AHB_sys_0/APB_sys_0/AHB_2_APB.v
./AHB_sys_0/APB_sys_0/APB_TIMER32.v
./AHB_sys_0/APB_sys_0/APB_bus0.v
./AHB_sys_0/AHBlite_sys_0.v
./AHB_sys_0/AHBlite_bus0.v
./PWM.v
./soc_m1_b1_tb.v
./23LC512.v
./qspi_xip_cache_ahb.v
./i2c_slave_vip.v
./spi_master.v
./baby