Startpoint: rst_ni (input port clocked by clk_i)
Endpoint: _39479_ (recovery check against rising-edge clock clk_i)
Path Group: **async_default**
Path Type: max

  Delay    Time   Description
---------------------------------------------------------
   0.00    0.00   clock clk_i (rise edge)
   0.00    0.00   clock network delay (ideal)
   2.00    2.00 ^ input external delay
  10.87   12.87 ^ rst_ni (in)
   0.00   12.87 ^ _39479_/RESET_B (sky130_fd_sc_hd__dfrtp_4)
          12.87   data arrival time

  10.00   10.00   clock clk_i (rise edge)
   0.00   10.00   clock network delay (ideal)
   0.00   10.00   clock reconvergence pessimism
          10.00 ^ _39479_/CLK (sky130_fd_sc_hd__dfrtp_4)
  -9.35    0.65   library recovery time
           0.65   data required time
---------------------------------------------------------
           0.65   data required time
         -12.87   data arrival time
---------------------------------------------------------
         -12.22   slack (VIOLATED)


Startpoint: _39716_ (rising edge-triggered flip-flop clocked by clk_i)
Endpoint: _39973_ (rising edge-triggered flip-flop clocked by clk_i)
Path Group: clk_i
Path Type: max

  Delay    Time   Description
---------------------------------------------------------
   0.00    0.00   clock clk_i (rise edge)
   0.00    0.00   clock network delay (ideal)
   0.00    0.00 ^ _39716_/CLK (sky130_fd_sc_hd__dfrtp_4)
   0.83    0.83 ^ _39716_/Q (sky130_fd_sc_hd__dfrtp_4)
   0.07    0.91 v _27501_/Y (sky130_fd_sc_hd__inv_8)
   0.41    1.31 v _27502_/X (sky130_fd_sc_hd__or2_4)
   0.29    1.60 v _27503_/X (sky130_fd_sc_hd__and3_4)
   0.73    2.33 v _27509_/X (sky130_fd_sc_hd__or3_4)
   0.36    2.69 ^ _27543_/Y (sky130_fd_sc_hd__a32oi_4)
   0.33    3.02 ^ _27585_/X (sky130_fd_sc_hd__o22a_4)
   0.34    3.36 ^ _27589_/X (sky130_fd_sc_hd__o22a_4)
   0.09    3.45 v _27696_/Y (sky130_fd_sc_hd__inv_8)
   0.42    3.87 v _32725_/X (sky130_fd_sc_hd__or2_4)
   0.49    4.36 v _32731_/X (sky130_fd_sc_hd__a32o_4)
   0.42    4.77 v _32732_/X (sky130_fd_sc_hd__or2_4)
   0.29    5.07 v _32733_/X (sky130_fd_sc_hd__buf_1)
   0.13    5.20 ^ _32734_/Y (sky130_fd_sc_hd__inv_8)
   0.16    5.36 ^ _32737_/X (sky130_fd_sc_hd__a21o_4)
   0.07    5.43 v _32813_/Y (sky130_fd_sc_hd__nor3_4)
   0.29    5.72 ^ _32814_/Y (sky130_fd_sc_hd__nor3_4)
   0.14    5.86 v _32815_/Y (sky130_fd_sc_hd__nor3_4)
   0.24    6.10 ^ _32816_/Y (sky130_fd_sc_hd__nor4_4)
   0.31    6.41 ^ psn_inst_psn_buff_38/X (sky130_fd_sc_hd__buf_4)
   0.07    6.48 v _32817_/Y (sky130_fd_sc_hd__nor3_4)
   0.40    6.88 ^ _32818_/Y (sky130_fd_sc_hd__nor4_4)
   0.18    7.06 v _32819_/Y (sky130_fd_sc_hd__nor3_4)
   0.25    7.31 ^ _32820_/Y (sky130_fd_sc_hd__nor4_4)
   0.30    7.61 ^ _32821_/X (sky130_fd_sc_hd__buf_1)
   0.27    7.88 ^ psn_inst_psn_buff_28/X (sky130_fd_sc_hd__buf_1)
   0.29    8.16 ^ psn_inst_psn_buff_31/X (sky130_fd_sc_hd__buf_1)
   0.09    8.26 v _32822_/Y (sky130_fd_sc_hd__nor3_4)
   0.86    9.12 v _32823_/X (sky130_fd_sc_hd__or4_4)
   0.47    9.58 ^ _33006_/X (sky130_fd_sc_hd__a2bb2o_4)
   0.07    9.66 v _33007_/Y (sky130_fd_sc_hd__inv_8)
   0.97   10.63 v _33072_/X (sky130_fd_sc_hd__or4_4)
   0.83   11.46 v _33093_/X (sky130_fd_sc_hd__or4_4)
   0.33   11.79 v _33094_/X (sky130_fd_sc_hd__buf_1)
   0.24   12.03 v psn_inst_psn_buff_65/X (sky130_fd_sc_hd__buf_1)
   0.18   12.21 v psn_inst_psn_buff_21/X (sky130_fd_sc_hd__buf_1)
   0.49   12.71 v _33111_/X (sky130_fd_sc_hd__a32o_4)
   0.24   12.95 v _33112_/X (sky130_fd_sc_hd__and2_4)
   0.20   13.15 v psn_inst_psn_buff_19/X (sky130_fd_sc_hd__buf_1)
   0.10   13.25 ^ _33113_/Y (sky130_fd_sc_hd__nand3_4)
   0.17   13.42 ^ psn_inst_psn_buff_62/X (sky130_fd_sc_hd__buf_1)
   0.23   13.64 ^ psn_inst_psn_buff_18/X (sky130_fd_sc_hd__buf_1)
   0.13   13.77 v _33116_/Y (sky130_fd_sc_hd__a21oi_4)
   0.68   14.46 v _33117_/X (sky130_fd_sc_hd__or3_4)
   0.19   14.64 v psn_inst_psn_buff_17/X (sky130_fd_sc_hd__buf_1)
   0.63   15.28 v _33118_/X (sky130_fd_sc_hd__or3_4)
   0.17   15.45 v psn_inst_psn_buff_125/X (sky130_fd_sc_hd__buf_1)
   0.14   15.59 v psn_inst_psn_buff_93/X (sky130_fd_sc_hd__buf_1)
   0.14   15.73 v psn_inst_psn_buff_61/X (sky130_fd_sc_hd__buf_1)
   0.15   15.88 v psn_inst_psn_buff_16/X (sky130_fd_sc_hd__buf_1)
   0.80   16.69 v _33119_/X (sky130_fd_sc_hd__or4_4)
   0.23   16.92 v _33120_/X (sky130_fd_sc_hd__buf_1)
   0.17   17.09 v psn_inst_psn_buff_168/X (sky130_fd_sc_hd__buf_1)
   0.14   17.23 v psn_inst_psn_buff_146/X (sky130_fd_sc_hd__buf_1)
   0.14   17.37 v psn_inst_psn_buff_124/X (sky130_fd_sc_hd__buf_1)
   0.14   17.51 v psn_inst_psn_buff_92/X (sky130_fd_sc_hd__buf_1)
   0.14   17.65 v psn_inst_psn_buff_60/X (sky130_fd_sc_hd__buf_1)
   0.27   17.92 v psn_inst_psn_buff_15/X (sky130_fd_sc_hd__buf_1)
   0.11   18.03 ^ _33121_/Y (sky130_fd_sc_hd__inv_8)
   0.13   18.16 ^ psn_inst_psn_buff_208/X (sky130_fd_sc_hd__buf_1)
   0.14   18.30 ^ psn_inst_psn_buff_195/X (sky130_fd_sc_hd__buf_1)
   0.14   18.44 ^ psn_inst_psn_buff_182/X (sky130_fd_sc_hd__buf_1)
   0.14   18.58 ^ psn_inst_psn_buff_167/X (sky130_fd_sc_hd__buf_1)
   0.14   18.72 ^ psn_inst_psn_buff_145/X (sky130_fd_sc_hd__buf_1)
   0.14   18.86 ^ psn_inst_psn_buff_123/X (sky130_fd_sc_hd__buf_1)
   0.14   18.99 ^ psn_inst_psn_buff_91/X (sky130_fd_sc_hd__buf_1)
   0.14   19.13 ^ psn_inst_psn_buff_59/X (sky130_fd_sc_hd__buf_1)
   0.14   19.28 ^ psn_inst_psn_buff_14/X (sky130_fd_sc_hd__buf_1)
   0.43   19.71 ^ _33122_/X (sky130_fd_sc_hd__and4_4)
   0.21   19.92 ^ _33123_/X (sky130_fd_sc_hd__or4_4)
   0.14   20.05 ^ psn_inst_psn_buff_300/X (sky130_fd_sc_hd__buf_1)
   0.14   20.19 ^ psn_inst_psn_buff_294/X (sky130_fd_sc_hd__buf_1)
   0.14   20.33 ^ psn_inst_psn_buff_285/X (sky130_fd_sc_hd__buf_1)
   0.14   20.47 ^ psn_inst_psn_buff_274/X (sky130_fd_sc_hd__buf_1)
   0.14   20.60 ^ psn_inst_psn_buff_265/X (sky130_fd_sc_hd__buf_1)
   0.14   20.74 ^ psn_inst_psn_buff_256/X (sky130_fd_sc_hd__buf_1)
   0.14   20.88 ^ psn_inst_psn_buff_233/X (sky130_fd_sc_hd__buf_1)
   0.14   21.02 ^ psn_inst_psn_buff_220/X (sky130_fd_sc_hd__buf_1)
   0.14   21.16 ^ psn_inst_psn_buff_207/X (sky130_fd_sc_hd__buf_1)
   0.14   21.30 ^ psn_inst_psn_buff_194/X (sky130_fd_sc_hd__buf_1)
   0.14   21.43 ^ psn_inst_psn_buff_181/X (sky130_fd_sc_hd__buf_1)
   0.14   21.57 ^ psn_inst_psn_buff_166/X (sky130_fd_sc_hd__buf_1)
   0.14   21.71 ^ psn_inst_psn_buff_144/X (sky130_fd_sc_hd__buf_1)
   0.14   21.85 ^ psn_inst_psn_buff_122/X (sky130_fd_sc_hd__buf_1)
   0.14   21.99 ^ psn_inst_psn_buff_90/X (sky130_fd_sc_hd__buf_1)
   0.14   22.13 ^ psn_inst_psn_buff_58/X (sky130_fd_sc_hd__buf_1)
   0.14   22.27 ^ psn_inst_psn_buff_13/X (sky130_fd_sc_hd__buf_1)
   0.29   22.56 ^ _33124_/X (sky130_fd_sc_hd__and2_4)
   0.15   22.70 ^ psn_inst_psn_buff_431/X (sky130_fd_sc_hd__buf_1)
   0.14   22.84 ^ psn_inst_psn_buff_426/X (sky130_fd_sc_hd__buf_1)
   0.14   22.98 ^ psn_inst_psn_buff_419/X (sky130_fd_sc_hd__buf_1)
   0.14   23.12 ^ psn_inst_psn_buff_414/X (sky130_fd_sc_hd__buf_1)
   0.14   23.26 ^ psn_inst_psn_buff_409/X (sky130_fd_sc_hd__buf_1)
   0.14   23.40 ^ psn_inst_psn_buff_404/X (sky130_fd_sc_hd__buf_1)
   0.14   23.53 ^ psn_inst_psn_buff_398/X (sky130_fd_sc_hd__buf_1)
   0.14   23.67 ^ psn_inst_psn_buff_391/X (sky130_fd_sc_hd__buf_1)
   0.14   23.81 ^ psn_inst_psn_buff_382/X (sky130_fd_sc_hd__buf_1)
   0.14   23.95 ^ psn_inst_psn_buff_377/X (sky130_fd_sc_hd__buf_1)
   0.14   24.09 ^ psn_inst_psn_buff_368/X (sky130_fd_sc_hd__buf_1)
   0.14   24.23 ^ psn_inst_psn_buff_363/X (sky130_fd_sc_hd__buf_1)
   0.14   24.36 ^ psn_inst_psn_buff_356/X (sky130_fd_sc_hd__buf_1)
   0.14   24.50 ^ psn_inst_psn_buff_350/X (sky130_fd_sc_hd__buf_1)
   0.14   24.64 ^ psn_inst_psn_buff_343/X (sky130_fd_sc_hd__buf_1)
   0.14   24.78 ^ psn_inst_psn_buff_335/X (sky130_fd_sc_hd__buf_1)
   0.14   24.92 ^ psn_inst_psn_buff_327/X (sky130_fd_sc_hd__buf_1)
   0.14   25.06 ^ psn_inst_psn_buff_316/X (sky130_fd_sc_hd__buf_1)
   0.14   25.20 ^ psn_inst_psn_buff_311/X (sky130_fd_sc_hd__buf_1)
   0.14   25.33 ^ psn_inst_psn_buff_306/X (sky130_fd_sc_hd__buf_1)
   0.14   25.47 ^ psn_inst_psn_buff_299/X (sky130_fd_sc_hd__buf_1)
   0.14   25.61 ^ psn_inst_psn_buff_293/X (sky130_fd_sc_hd__buf_1)
   0.14   25.75 ^ psn_inst_psn_buff_284/X (sky130_fd_sc_hd__buf_1)
   0.14   25.89 ^ psn_inst_psn_buff_273/X (sky130_fd_sc_hd__buf_1)
   0.14   26.03 ^ psn_inst_psn_buff_264/X (sky130_fd_sc_hd__buf_1)
   0.14   26.16 ^ psn_inst_psn_buff_255/X (sky130_fd_sc_hd__buf_1)
   0.14   26.30 ^ psn_inst_psn_buff_232/X (sky130_fd_sc_hd__buf_1)
   0.14   26.44 ^ psn_inst_psn_buff_219/X (sky130_fd_sc_hd__buf_1)
   0.14   26.58 ^ psn_inst_psn_buff_206/X (sky130_fd_sc_hd__buf_1)
   0.14   26.72 ^ psn_inst_psn_buff_193/X (sky130_fd_sc_hd__buf_1)
   0.14   26.86 ^ psn_inst_psn_buff_180/X (sky130_fd_sc_hd__buf_1)
   0.14   27.00 ^ psn_inst_psn_buff_165/X (sky130_fd_sc_hd__buf_1)
   0.14   27.13 ^ psn_inst_psn_buff_143/X (sky130_fd_sc_hd__buf_1)
   0.14   27.27 ^ psn_inst_psn_buff_121/X (sky130_fd_sc_hd__buf_1)
   0.14   27.41 ^ psn_inst_psn_buff_89/X (sky130_fd_sc_hd__buf_1)
   0.14   27.55 ^ psn_inst_psn_buff_57/X (sky130_fd_sc_hd__buf_1)
   0.14   27.69 ^ psn_inst_psn_buff_12/X (sky130_fd_sc_hd__buf_1)
   0.20   27.89 ^ _33125_/X (sky130_fd_sc_hd__or4_4)
   0.24   28.13 ^ _33133_/X (sky130_fd_sc_hd__buf_1)
   0.21   28.34 ^ psn_inst_psn_buff_163/X (sky130_fd_sc_hd__buf_1)
   0.14   28.48 ^ psn_inst_psn_buff_10/X (sky130_fd_sc_hd__buf_1)
   0.27   28.75 ^ _35710_/X (sky130_fd_sc_hd__buf_1)
   0.52   29.27 ^ _37202_/X (sky130_fd_sc_hd__buf_1)
   0.43   29.70 ^ _37423_/X (sky130_fd_sc_hd__o22a_4)
   0.31   30.01 ^ _37424_/X (sky130_fd_sc_hd__buf_1)
   0.85   30.86 ^ _37593_/X (sky130_fd_sc_hd__buf_1)
   0.32   31.18 v _37667_/Y (sky130_fd_sc_hd__o21ai_4)
   0.00   31.18 v _39973_/D (sky130_fd_sc_hd__dfrtp_4)
          31.18   data arrival time

  10.00   10.00   clock clk_i (rise edge)
   0.00   10.00   clock network delay (ideal)
   0.00   10.00   clock reconvergence pessimism
          10.00 ^ _39973_/CLK (sky130_fd_sc_hd__dfrtp_4)
  -0.32    9.68   library setup time
           9.68   data required time
---------------------------------------------------------
           9.68   data required time
         -31.18   data arrival time
---------------------------------------------------------
         -21.50   slack (VIOLATED)


